Testing with User: user_tFZwk, Email: user_tFZwk@example.com

1. Testing Registration...
Registration Exception: HTTPConnectionPool(host='127.0.0.1', port=8000): Max retries exceeded with url: /api/auth/register/ (Caused by NewConnectionError("HTTPConnection(host='127.0.0.1', port=8000): Failed to establish a new connection: [WinError 10061] No connection could be made because the target machine actively refused it"))
